Flutter crash report.
Please report a bug at https://github.com/flutter/flutter/issues.

## command

flutter build apk --release

## exception

ProcessPackageException: ProcessException: Found candidates, but lacked sufficient permissions to execute "/mnt/sdcard/Download/PROJECTS/chess_apk/flutter_app/android/gradlew".
  Command: /mnt/sdcard/Download/PROJECTS/chess_apk/flutter_app/android/gradlew 

```
#0      LocalProcessManager.start (package:process/src/interface/local_process_manager.dart:56:7)
#1      ErrorHandlingProcessManager.start.<anonymous closure> (package:flutter_tools/src/base/error_handling_io.dart:699:24)
#2      _run (package:flutter_tools/src/base/error_handling_io.dart:569:20)
#3      ErrorHandlingProcessManager.start (package:flutter_tools/src/base/error_handling_io.dart:698:12)
#4      _DefaultProcessUtils.start (package:flutter_tools/src/base/process.dart:539:28)
#5      _DefaultProcessUtils.stream (package:flutter_tools/src/base/process.dart:559:35)
#6      AndroidGradleBuilder.buildGradleApp (package:flutter_tools/src/android/gradle.dart:485:38)
<asynchronous suspension>
#7      AndroidGradleBuilder.buildApk (package:flutter_tools/src/android/gradle.dart:233:5)
<asynchronous suspension>
#8      BuildApkCommand.runCommand (package:flutter_tools/src/commands/build_apk.dart:146:5)
<asynchronous suspension>
#9      FlutterCommand.run.<anonymous closure> (package:flutter_tools/src/runner/flutter_command.dart:1450:27)
<asynchronous suspension>
#10     AppContext.run.<anonymous closure> (package:flutter_tools/src/base/context.dart:153:19)
<asynchronous suspension>
#11     CommandRunner.runCommand (package:args/command_runner.dart:212:13)
<asynchronous suspension>
#12     FlutterCommandRunner.runCommand.<anonymous closure> (package:flutter_tools/src/runner/flutter_command_runner.dart:421:9)
<asynchronous suspension>
#13     AppContext.run.<anonymous closure> (package:flutter_tools/src/base/context.dart:153:19)
<asynchronous suspension>
#14     FlutterCommandRunner.runCommand (package:flutter_tools/src/runner/flutter_command_runner.dart:364:5)
<asynchronous suspension>
#15     run.<anonymous closure>.<anonymous closure> (package:flutter_tools/runner.dart:131:9)
<asynchronous suspension>
#16     AppContext.run.<anonymous closure> (package:flutter_tools/src/base/context.dart:153:19)
<asynchronous suspension>
#17     main (package:flutter_tools/executable.dart:94:3)
<asynchronous suspension>
```

## flutter doctor

```
[✓] Flutter (Channel stable, 3.27.1-0.0.pre.1, on Ubuntu 26.04 LTS 6.17.0-PRoot-Distro, locale en_US)
    • Flutter version 3.27.1-0.0.pre.1 on channel stable at /tmp/flutter
    • Upstream repository https://github.com/flutter/flutter.git
    • Framework revision d017949189 (81 minutes ago), 2026-05-27 16:51:22 +0800
    • Engine revision 83bacfc525
    • Dart version 3.6.0
    • DevTools version 2.40.2

[✓] Android toolchain - develop for Android devices (Android SDK version 34.0.0)
    • Android SDK at /opt/android-sdk
    • Platform android-34, build-tools 34.0.0
    • ANDROID_HOME = /opt/android-sdk
    • ANDROID_SDK_ROOT = /opt/android-sdk
    • Java binary at: /usr/bin/java
    • Java version OpenJDK Runtime Environment (build 25.0.3-ea+7-Ubuntu-2)
    • All Android licenses accepted.

[✗] Chrome - develop for the web (Cannot find Chrome executable at google-chrome)
    ! Cannot find Chrome. Try setting CHROME_EXECUTABLE to a Chrome executable.

[✗] Linux toolchain - develop for Linux desktop
    • clang version 21.1.8
    • cmake version 4.3.3
    • ninja version 1.13.2
    • pkg-config version 2.5.1
    ✗ GTK 3.0 development libraries are required for Linux development.
      They are likely available from your distribution (e.g.: apt install libgtk-3-dev)

[!] Android Studio (not installed)
    • Android Studio not found; download from https://developer.android.com/studio/index.html
      (or visit https://flutter.dev/to/linux-android-setup for detailed instructions).

[☠] Connected device (the doctor check crashed)
    ✗ Due to an error, the doctor check did not complete. If the error message below is not helpful, please let us know about this issue at https://github.com/flutter/flutter/issues.
    ✗ Error: Unable to run "adb", check your Android SDK installation and ANDROID_HOME environment variable: /opt/android-sdk/platform-tools/adb
      Error details: Process exited abnormally with exit code 1:
      * daemon not running; starting now at tcp:5037
      ADB server didn't ACK
      Full server startup log: /tmp/adb.0.log
      Server had pid: 31368
      * failed to start daemon
      adb.real: failed to check server version: cannot connect to daemon
    • #0      throwToolExit (package:flutter_tools/src/base/common.dart:10:3)
      #1      AndroidDevices.pollingGetDevices (package:flutter_tools/src/android/android_device_discovery.dart:75:7)
      <asynchronous suspension>
      #2      PollingDeviceDiscovery._populateDevices (package:flutter_tools/src/device.dart:548:36)
      <asynchronous suspension>
      #3      Future.wait.<anonymous closure> (dart:async/future.dart:520:21)
      <asynchronous suspension>
      #4      DeviceManager.refreshAllDevices (package:flutter_tools/src/device.dart:218:40)
      <asynchronous suspension>
      #5      DeviceValidator.validate (package:flutter_tools/src/doctor.dart:713:34)
      <asynchronous suspension>
      #6      Future.any.onValue (dart:async/future.dart:614:5)
      <asynchronous suspension>


[✓] Network resources
    • All expected network resources are available.

! Doctor found issues in 4 categories.
```
